// Jest Snapshot v1, https://goo.gl/fbAQLP

exports[`ProjectListPage: рендер без ошибок 1`] = `
<div
  className="sc-bxivhb gPUjkv"
>
  <div>
    <div
      className="sc-1jxwge6-0 dgupjs-0 sc-1kgy4mw-0 iiLzzb"
    >
      <i
        className="sc-1kgy4mw-1 dQvUyw"
        color="color6"
        fill="currentColor"
        style={
          Object {
            "display": "inline-block",
          }
        }
      >
        <svg
          fill="currentColor"
          height={64}
          style={
            Object {
              "display": "inline-block",
              "verticalAlign": "middle",
            }
          }
          viewBox="0 0 24 24"
          width={64}
        >
          <path
            d="M11 15h2v2h-2zm0-8h2v6h-2zm.99-5C6.47 2 2 6.48 2 12s4.47 10 9.99 10C17.52 22 22 17.52 22 12S17.52 2 11.99 2zM12 20c-4.42 0-8-3.58-8-8s3.58-8 8-8 8 3.58 8 8-3.58 8-8 8z"
          />
        </svg>
      </i>
      <div
        className="sc-1jxwge6-0 sc-18ch56c-0 egWvTL"
        color="color11"
        fontSize={7}
        fontWeight="bold"
      >
        Error
      </div>
      <div
        className="sc-1jxwge6-0 sc-18ch56c-0 iyPpaZ"
        color="#000"
        fontSize={5}
      >
        unexpected error
      </div>
    </div>
  </div>
</div>
`;
