// Jest Snapshot v1, https://goo.gl/fbAQLP

exports[`ПРоверка 1`] = `
<a
  href="mockUrl"
  onClick={[Function]}
>
  mockTitle
</a>
`;
