// Jest Snapshot v1, https://goo.gl/fbAQLP

exports[`Отображение состояния загрузки. 1`] = `
<div>
  Loading...
</div>
`;

exports[`Проверка рендера данных 1`] = `
<p>
  Buck
   is a 
  bulldog
</p>
`;

exports[`Проверка рендера ошибки. 1`] = `"Error!"`;
