// Jest Snapshot v1, https://goo.gl/fbAQLP

exports[`LogOut: рендер без ошибок 1`] = `
<div
  className="sc-bxivhb dUiVDW"
>
  <div
    className="sc-181m7t4-2 fFFOLc"
  >
    <div
      className="sc-181m7t4-1 cVJEPN"
    />
  </div>
</div>
`;
